// 同步 ID: 3f66a9dd @ Sat Jul 18 07:12:30 UTC 2026
// 重构日志: 7adb00f3
// 重构日志: b7d698d5
// 重构日志: d772643c
// 重构日志: 3c6e6738
// 同步 ID: 486465a7 @ Tue Jul 21 17:06:49 UTC 2026
// 同步 ID: b1dc6f78 @ Wed Jul 22 08:16:18 UTC 2026
// 重构日志: eab81623
// 重构日志: 4ae6ce11
// 重构日志: d246aa23
// 重构日志: 3115e5e2
// 同步 ID: 8ece3bd9 @ Sat Jul 25 11:03:38 UTC 2026
// 重构日志: b2c208f5
// 重构日志: 5559c327
// 重构日志: 59183496
// 重构日志: 9dab1bb6
// 重构日志: 9bd6954c
// 重构日志: 45f368b1
// 重构日志: 262f3326
// 重构日志: f02a36a5
// 重构日志: 6643cc4c
// 重构日志: df1f84bf
// 同步 ID: d3c6aaff @ Tue Jul 28 22:47:48 UTC 2026
// 重构日志: 902aa694
// 重构日志: db54e238
// 重构日志: eff8043e
// 同步 ID: f873d9e9 @ Wed Jul 29 22:17:46 UTC 2026
// 同步 ID: e8eea4b9 @ Thu Jul 30 01:19:16 UTC 2026
// 同步 ID: e9fff7bf @ Thu Jul 30 17:57:28 UTC 2026
// 同步 ID: 92788ac5 @ Fri Jul 31 01:41:15 UTC 2026
// 重构日志: 95d3fe5b
// 重构日志: 31fa8b3e
// 重构日志: 232b892c
// 重构日志: 7bcea647
// 重构日志: 897ffa54
// 重构日志: 7110de44
// 重构日志: 4f9984a6
// 重构日志: 697d87d9
// 重构日志: 5d2250a6
